<testsuite errors="0" failures="0" name="Django Project Tests" skips="0" tests="31" time="0.298"><testcase classname="MySite.tests.test_models.AppointModelTest" name="test_appointdate_future" time="0.000000" /><testcase classname="MySite.tests.test_models.AppointModelTest" name="test_it_has_information_fields" time="0.000000" /><testcase classname="MySite.tests.test_models.DoctorModelTest" name="test_it_has_information_fields" time="0.000000" /><testcase classname="MySite.tests.test_models.PatientModelTest" name="test_it_has_information_fields" time="0.000000" /><testcase classname="MySite.tests.test_models.PersonModelTest" name="test_it_has_information_fields" time="0.000000" /><testcase classname="MySite.tests.test_models.docprofileModelTest" name="test_it_has_information_fields" time="0.000000" /><testcase classname="MySite.tests.test_views.PageLoadViewTest" name="testViewAboutLoad" time="0.027979" /><testcase classname="MySite.tests.test_views.PageLoadViewTest" name="testViewAmdLoad" time="0.025902" /><testcase classname="MySite.tests.test_views.PageLoadViewTest" name="testViewAuthLoad" time="0.010009" /><testcase classname="MySite.tests.test_views.PageLoadViewTest" name="testViewContactsLoad" time="0.007980" /><testcase classname="MySite.tests.test_views.PageLoadViewTest" name="testViewRegisterLoad" time="0.010972" /><testcase classname="MySite.tests.test_views.PageLoadViewTest" name="testViewUserpageDoctorLoad" time="0.016986" /><testcase classname="MySite.tests.test_views.PageLoadViewTest" name="testViewUserpagePatientLoad" time="0.022972" /><testcase classname="MySite.tests.test_views.ViewFuncTest" name="testDeleteAppointmentFuncView" time="0.028921" /><testcase classname="MySite.tests.test_views.ViewFuncTest" name="testDeleteUserFuncView" time="0.029920" /><testcase classname="MySite.tests.test_views.ViewFuncTest" name="testLoginFuncView" time="0.037248" /><testcase classname="MySite.tests.test_views.ViewFuncTest" name="testLogoutFuncView" time="0.016542" /><testcase classname="MySite.tests.test_views.ViewFuncTest" name="testRegisterAdmFuncView" time="0.011995" /><testcase classname="MySite.tests.test_views.ViewFuncTest" name="testRegisterFuncView" time="0.011947" /><testcase classname="MySite.tests.test_forms.RegisterTestForms" name="testLoginFormLongLogin" time="0.000000" /><testcase classname="MySite.tests.test_forms.RegisterTestForms" name="testLoginFormLongPass" time="0.000000" /><testcase classname="MySite.tests.test_forms.RegisterTestForms" name="testLoginFormShortLogin" time="0.000000" /><testcase classname="MySite.tests.test_forms.RegisterTestForms" name="testLoginFormShortPass" time="0.000000" /><testcase classname="MySite.tests.test_forms.RegisterTestForms" name="testLoginFormValid" time="0.000000" /><testcase classname="MySite.tests.test_forms.RegisterTestForms" name="testRegisterFormLongLogin" time="0.000000" /><testcase classname="MySite.tests.test_forms.RegisterTestForms" name="testRegisterFormLongName" time="0.000000" /><testcase classname="MySite.tests.test_forms.RegisterTestForms" name="testRegisterFormLongPassword" time="0.000000" /><testcase classname="MySite.tests.test_forms.RegisterTestForms" name="testRegisterFormShortLogin" time="0.000000" /><testcase classname="MySite.tests.test_forms.RegisterTestForms" name="testRegisterFormShortName" time="0.000000" /><testcase classname="MySite.tests.test_forms.RegisterTestForms" name="testRegisterFormShortPassword" time="0.000000" /><testcase classname="MySite.tests.test_forms.RegisterTestForms" name="testRegisterFormValid" time="0.000000" /></testsuite>